// Jest Snapshot v1, https://goo.gl/fbAQLP

exports[`renders a Ruler component 1`] = `
<div>
  <div
    class="flex items-end justify-between"
  >
    <div
      class="h-6 border-r border-slate-500"
    />
    <div
      class="h-2 border-r border-slate-500"
    />
    <div
      class="h-2 border-r border-slate-500"
    />
    <div
      class="h-2 border-r border-slate-500"
    />
    <div
      class="h-6 border-r border-slate-500"
    />
    <div
      class="h-2 border-r border-slate-500"
    />
    <div
      class="h-2 border-r border-slate-500"
    />
    <div
      class="h-2 border-r border-slate-500"
    />
    <div
      class="h-6 border-r border-slate-500"
    />
    <div
      class="h-2 border-r border-slate-500"
    />
    <div
      class="h-2 border-r border-slate-500"
    />
    <div
      class="h-2 border-r border-slate-500"
    />
    <div
      class="h-6 border-r border-slate-500"
    />
    <div
      class="h-2 border-r border-slate-500"
    />
    <div
      class="h-2 border-r border-slate-500"
    />
    <div
      class="h-2 border-r border-slate-500"
    />
    <div
      class="h-6 border-r border-slate-500"
    />
  </div>
</div>
`;

exports[`renders a Ruler component with the specified number of segments 1`] = `
<div>
  <div
    class="flex items-end justify-between"
  >
    <div
      class="h-6 border-r border-slate-500"
    />
    <div
      class="h-2 border-r border-slate-500"
    />
    <div
      class="h-2 border-r border-slate-500"
    />
    <div
      class="h-2 border-r border-slate-500"
    />
    <div
      class="h-6 border-r border-slate-500"
    />
    <div
      class="h-2 border-r border-slate-500"
    />
    <div
      class="h-2 border-r border-slate-500"
    />
    <div
      class="h-2 border-r border-slate-500"
    />
    <div
      class="h-6 border-r border-slate-500"
    />
    <div
      class="h-2 border-r border-slate-500"
    />
    <div
      class="h-2 border-r border-slate-500"
    />
    <div
      class="h-2 border-r border-slate-500"
    />
    <div
      class="h-6 border-r border-slate-500"
    />
    <div
      class="h-2 border-r border-slate-500"
    />
    <div
      class="h-2 border-r border-slate-500"
    />
    <div
      class="h-2 border-r border-slate-500"
    />
    <div
      class="h-6 border-r border-slate-500"
    />
    <div
      class="h-2 border-r border-slate-500"
    />
    <div
      class="h-2 border-r border-slate-500"
    />
    <div
      class="h-2 border-r border-slate-500"
    />
    <div
      class="h-6 border-r border-slate-500"
    />
    <div
      class="h-2 border-r border-slate-500"
    />
    <div
      class="h-2 border-r border-slate-500"
    />
    <div
      class="h-2 border-r border-slate-500"
    />
    <div
      class="h-6 border-r border-slate-500"
    />
    <div
      class="h-2 border-r border-slate-500"
    />
    <div
      class="h-2 border-r border-slate-500"
    />
    <div
      class="h-2 border-r border-slate-500"
    />
    <div
      class="h-6 border-r border-slate-500"
    />
    <div
      class="h-2 border-r border-slate-500"
    />
    <div
      class="h-2 border-r border-slate-500"
    />
    <div
      class="h-2 border-r border-slate-500"
    />
    <div
      class="h-6 border-r border-slate-500"
    />
    <div
      class="h-2 border-r border-slate-500"
    />
    <div
      class="h-2 border-r border-slate-500"
    />
    <div
      class="h-2 border-r border-slate-500"
    />
    <div
      class="h-6 border-r border-slate-500"
    />
  </div>
</div>
`;
