// Jest Snapshot v1, https://goo.gl/fbAQLP

exports[`NavBar renders a NavBar component 1`] = `
Object {
  "asFragment": [Function],
  "baseElement": <body>
    <div>
      <nav
        class="flex justify-between py-4"
      >
        <a
          href="/"
        >
          <h1
            class="text-2xl font-bold text-slate-700 dark:text-slate-200"
          >
            minurl 💎
          </h1>
        </a>
        <div
          class="flex"
        >
          <button
            class="mr-2 rounded px-3 text-slate-600 dark:text-white text-xs uppercase font-medium tracking-wider transition-colors hover:bg-slate-200 hover:dark:bg-slate-800"
          >
            Login
          </button>
          <button
            class="bg-purple-600 rounded px-3 text-white text-xs uppercase font-medium tracking-wider transition-colors hover:bg-purple-500"
          >
            Sign Up
          </button>
        </div>
      </nav>
    </div>
  </body>,
  "container": <div>
    <nav
      class="flex justify-between py-4"
    >
      <a
        href="/"
      >
        <h1
          class="text-2xl font-bold text-slate-700 dark:text-slate-200"
        >
          minurl 💎
        </h1>
      </a>
      <div
        class="flex"
      >
        <button
          class="mr-2 rounded px-3 text-slate-600 dark:text-white text-xs uppercase font-medium tracking-wider transition-colors hover:bg-slate-200 hover:dark:bg-slate-800"
        >
          Login
        </button>
        <button
          class="bg-purple-600 rounded px-3 text-white text-xs uppercase font-medium tracking-wider transition-colors hover:bg-purple-500"
        >
          Sign Up
        </button>
      </div>
    </nav>
  </div>,
  "debug": [Function],
  "findAllByAltText": [Function],
  "findAllByDisplayValue": [Function],
  "findAllByLabelText": [Function],
  "findAllByPlaceholderText": [Function],
  "findAllByRole": [Function],
  "findAllByTestId": [Function],
  "findAllByText": [Function],
  "findAllByTitle": [Function],
  "findByAltText": [Function],
  "findByDisplayValue": [Function],
  "findByLabelText": [Function],
  "findByPlaceholderText": [Function],
  "findByRole": [Function],
  "findByTestId": [Function],
  "findByText": [Function],
  "findByTitle": [Function],
  "getAllByAltText": [Function],
  "getAllByDisplayValue": [Function],
  "getAllByLabelText": [Function],
  "getAllByPlaceholderText": [Function],
  "getAllByRole": [Function],
  "getAllByTestId": [Function],
  "getAllByText": [Function],
  "getAllByTitle": [Function],
  "getByAltText": [Function],
  "getByDisplayValue": [Function],
  "getByLabelText": [Function],
  "getByPlaceholderText": [Function],
  "getByRole": [Function],
  "getByTestId": [Function],
  "getByText": [Function],
  "getByTitle": [Function],
  "queryAllByAltText": [Function],
  "queryAllByDisplayValue": [Function],
  "queryAllByLabelText": [Function],
  "queryAllByPlaceholderText": [Function],
  "queryAllByRole": [Function],
  "queryAllByTestId": [Function],
  "queryAllByText": [Function],
  "queryAllByTitle": [Function],
  "queryByAltText": [Function],
  "queryByDisplayValue": [Function],
  "queryByLabelText": [Function],
  "queryByPlaceholderText": [Function],
  "queryByRole": [Function],
  "queryByTestId": [Function],
  "queryByText": [Function],
  "queryByTitle": [Function],
  "rerender": [Function],
  "unmount": [Function],
}
`;
